// Jest Snapshot v1, https://goo.gl/fbAQLP

exports[`Storyshots Locale cn 1`] = `
<div
  class="calendar is-month"
>
  <div
    class="calendar-header"
  >
    <div
      class="calendar-header-left"
    />
    <div
      class="calendar-header-center"
    >
      <a
        class="calendar-control calendar-prev"
      >
        &lt;
      </a>
      <span
        class="calendar-header-date"
      >
        2019-04
      </span>
      <a
        class="calendar-control calendar-next"
      >
        &gt;
      </a>
    </div>
    <div
      class="calendar-header-right"
    />
  </div>
   
  <div
    class="calendar-week"
  >
    <div
      class="calendar-week__item"
    >
      
      周日
    
    </div>
    <div
      class="calendar-week__item"
    >
      
      周一
    
    </div>
    <div
      class="calendar-week__item"
    >
      
      周二
    
    </div>
    <div
      class="calendar-week__item"
    >
      
      周三
    
    </div>
    <div
      class="calendar-week__item"
    >
      
      周四
    
    </div>
    <div
      class="calendar-week__item"
    >
      
      周五
    
    </div>
    <div
      class="calendar-week__item"
    >
      
      周六
    
    </div>
  </div>
   
  <div
    class="calendar-body"
  >
    <div
      class="calendar-body-row"
    >
      <div
        class="calendar-day-item"
      >
        <div
          class="ui-calendar-item is-otherMonth"
        >
          <div
            class="ui-calendar-item-date"
          >
            
            31
          
          </div>
           
        </div>
      </div>
      <div
        class="calendar-day-item"
      >
        <div
          class="ui-calendar-item"
        >
          <div
            class="ui-calendar-item-date"
          >
            
            1
          
          </div>
           
        </div>
      </div>
      <div
        class="calendar-day-item"
      >
        <div
          class="ui-calendar-item"
        >
          <div
            class="ui-calendar-item-date"
          >
            
            2
          
          </div>
           
        </div>
      </div>
      <div
        class="calendar-day-item"
      >
        <div
          class="ui-calendar-item"
        >
          <div
            class="ui-calendar-item-date"
          >
            
            3
          
          </div>
           
        </div>
      </div>
      <div
        class="calendar-day-item"
      >
        <div
          class="ui-calendar-item"
        >
          <div
            class="ui-calendar-item-date"
          >
            
            4
          
          </div>
           
        </div>
      </div>
      <div
        class="calendar-day-item"
      >
        <div
          class="ui-calendar-item"
        >
          <div
            class="ui-calendar-item-date"
          >
            
            5
          
          </div>
           
        </div>
      </div>
      <div
        class="calendar-day-item"
      >
        <div
          class="ui-calendar-item"
        >
          <div
            class="ui-calendar-item-date"
          >
            
            6
          
          </div>
           
        </div>
      </div>
    </div>
    <div
      class="calendar-body-row"
    >
      <div
        class="calendar-day-item"
      >
        <div
          class="ui-calendar-item"
        >
          <div
            class="ui-calendar-item-date"
          >
            
            7
          
          </div>
           
        </div>
      </div>
      <div
        class="calendar-day-item"
      >
        <div
          class="ui-calendar-item"
        >
          <div
            class="ui-calendar-item-date"
          >
            
            8
          
          </div>
           
        </div>
      </div>
      <div
        class="calendar-day-item"
      >
        <div
          class="ui-calendar-item"
        >
          <div
            class="ui-calendar-item-date"
          >
            
            9
          
          </div>
           
        </div>
      </div>
      <div
        class="calendar-day-item"
      >
        <div
          class="ui-calendar-item"
        >
          <div
            class="ui-calendar-item-date"
          >
            
            10
          
          </div>
           
        </div>
      </div>
      <div
        class="calendar-day-item"
      >
        <div
          class="ui-calendar-item"
        >
          <div
            class="ui-calendar-item-date"
          >
            
            11
          
          </div>
           
        </div>
      </div>
      <div
        class="calendar-day-item"
      >
        <div
          class="ui-calendar-item"
        >
          <div
            class="ui-calendar-item-date"
          >
            
            12
          
          </div>
           
        </div>
      </div>
      <div
        class="calendar-day-item"
      >
        <div
          class="ui-calendar-item"
        >
          <div
            class="ui-calendar-item-date"
          >
            
            13
          
          </div>
           
        </div>
      </div>
    </div>
    <div
      class="calendar-body-row"
    >
      <div
        class="calendar-day-item"
      >
        <div
          class="ui-calendar-item"
        >
          <div
            class="ui-calendar-item-date"
          >
            
            14
          
          </div>
           
        </div>
      </div>
      <div
        class="calendar-day-item"
      >
        <div
          class="ui-calendar-item is-today"
        >
          <div
            class="ui-calendar-item-date"
          >
            
            15
          
          </div>
           
          <div
            class="ui-calendar-item-name"
          >
            <span>
              shopping
            </span>
          </div>
        </div>
      </div>
      <div
        class="calendar-day-item"
      >
        <div
          class="ui-calendar-item"
        >
          <div
            class="ui-calendar-item-date"
          >
            
            16
          
          </div>
           
        </div>
      </div>
      <div
        class="calendar-day-item"
      >
        <div
          class="ui-calendar-item"
        >
          <div
            class="ui-calendar-item-date"
          >
            
            17
          
          </div>
           
        </div>
      </div>
      <div
        class="calendar-day-item"
      >
        <div
          class="ui-calendar-item"
        >
          <div
            class="ui-calendar-item-date"
          >
            
            18
          
          </div>
           
        </div>
      </div>
      <div
        class="calendar-day-item"
      >
        <div
          class="ui-calendar-item"
        >
          <div
            class="ui-calendar-item-date"
          >
            
            19
          
          </div>
           
        </div>
      </div>
      <div
        class="calendar-day-item"
      >
        <div
          class="ui-calendar-item"
        >
          <div
            class="ui-calendar-item-date"
          >
            
            20
          
          </div>
           
        </div>
      </div>
    </div>
    <div
      class="calendar-body-row"
    >
      <div
        class="calendar-day-item"
      >
        <div
          class="ui-calendar-item"
        >
          <div
            class="ui-calendar-item-date"
          >
            
            21
          
          </div>
           
        </div>
      </div>
      <div
        class="calendar-day-item"
      >
        <div
          class="ui-calendar-item"
        >
          <div
            class="ui-calendar-item-date"
          >
            
            22
          
          </div>
           
        </div>
      </div>
      <div
        class="calendar-day-item"
      >
        <div
          class="ui-calendar-item"
        >
          <div
            class="ui-calendar-item-date"
          >
            
            23
          
          </div>
           
        </div>
      </div>
      <div
        class="calendar-day-item"
      >
        <div
          class="ui-calendar-item"
        >
          <div
            class="ui-calendar-item-date"
          >
            
            24
          
          </div>
           
        </div>
      </div>
      <div
        class="calendar-day-item"
      >
        <div
          class="ui-calendar-item"
        >
          <div
            class="ui-calendar-item-date"
          >
            
            25
          
          </div>
           
        </div>
      </div>
      <div
        class="calendar-day-item"
      >
        <div
          class="ui-calendar-item"
        >
          <div
            class="ui-calendar-item-date"
          >
            
            26
          
          </div>
           
        </div>
      </div>
      <div
        class="calendar-day-item"
      >
        <div
          class="ui-calendar-item"
        >
          <div
            class="ui-calendar-item-date"
          >
            
            27
          
          </div>
           
        </div>
      </div>
    </div>
    <div
      class="calendar-body-row"
    >
      <div
        class="calendar-day-item"
      >
        <div
          class="ui-calendar-item"
        >
          <div
            class="ui-calendar-item-date"
          >
            
            28
          
          </div>
           
        </div>
      </div>
      <div
        class="calendar-day-item"
      >
        <div
          class="ui-calendar-item"
        >
          <div
            class="ui-calendar-item-date"
          >
            
            29
          
          </div>
           
        </div>
      </div>
      <div
        class="calendar-day-item"
      >
        <div
          class="ui-calendar-item"
        >
          <div
            class="ui-calendar-item-date"
          >
            
            30
          
          </div>
           
        </div>
      </div>
      <div
        class="calendar-day-item"
      >
        <div
          class="ui-calendar-item is-otherMonth"
        >
          <div
            class="ui-calendar-item-date"
          >
            
            1
          
          </div>
           
        </div>
      </div>
      <div
        class="calendar-day-item"
      >
        <div
          class="ui-calendar-item is-otherMonth"
        >
          <div
            class="ui-calendar-item-date"
          >
            
            2
          
          </div>
           
          <div
            class="ui-calendar-item-name"
          >
            <span>
              remember homework
            </span>
          </div>
        </div>
      </div>
      <div
        class="calendar-day-item"
      >
        <div
          class="ui-calendar-item is-otherMonth"
        >
          <div
            class="ui-calendar-item-date"
          >
            
            3
          
          </div>
           
        </div>
      </div>
      <div
        class="calendar-day-item"
      >
        <div
          class="ui-calendar-item is-otherMonth"
        >
          <div
            class="ui-calendar-item-date"
          >
            
            4
          
          </div>
           
        </div>
      </div>
    </div>
    <div
      class="calendar-body-row"
    >
      <div
        class="calendar-day-item"
      >
        <div
          class="ui-calendar-item is-otherMonth"
        >
          <div
            class="ui-calendar-item-date"
          >
            
            5
          
          </div>
           
        </div>
      </div>
      <div
        class="calendar-day-item"
      >
        <div
          class="ui-calendar-item is-otherMonth"
        >
          <div
            class="ui-calendar-item-date"
          >
            
            6
          
          </div>
           
        </div>
      </div>
      <div
        class="calendar-day-item"
      >
        <div
          class="ui-calendar-item is-otherMonth"
        >
          <div
            class="ui-calendar-item-date"
          >
            
            7
          
          </div>
           
        </div>
      </div>
      <div
        class="calendar-day-item"
      >
        <div
          class="ui-calendar-item is-otherMonth"
        >
          <div
            class="ui-calendar-item-date"
          >
            
            8
          
          </div>
           
        </div>
      </div>
      <div
        class="calendar-day-item"
      >
        <div
          class="ui-calendar-item is-otherMonth"
        >
          <div
            class="ui-calendar-item-date"
          >
            
            9
          
          </div>
           
        </div>
      </div>
      <div
        class="calendar-day-item"
      >
        <div
          class="ui-calendar-item is-otherMonth"
        >
          <div
            class="ui-calendar-item-date"
          >
            
            10
          
          </div>
           
        </div>
      </div>
      <div
        class="calendar-day-item"
      >
        <div
          class="ui-calendar-item is-otherMonth"
        >
          <div
            class="ui-calendar-item-date"
          >
            
            11
          
          </div>
           
        </div>
      </div>
    </div>
  </div>
</div>
`;

exports[`Storyshots Mode month 1`] = `
<div
  class="calendar is-month"
>
  <div
    class="calendar-header"
  >
    <div
      class="calendar-header-left"
    />
    <div
      class="calendar-header-center"
    >
      <a
        class="calendar-control calendar-prev"
      >
        &lt;
      </a>
      <span
        class="calendar-header-date"
      >
        2019-04
      </span>
      <a
        class="calendar-control calendar-next"
      >
        &gt;
      </a>
    </div>
    <div
      class="calendar-header-right"
    />
  </div>
   
  <div
    class="calendar-week"
  >
    <div
      class="calendar-week__item"
    >
      
      Sun
    
    </div>
    <div
      class="calendar-week__item"
    >
      
      Mon
    
    </div>
    <div
      class="calendar-week__item"
    >
      
      Tue
    
    </div>
    <div
      class="calendar-week__item"
    >
      
      Wed
    
    </div>
    <div
      class="calendar-week__item"
    >
      
      Thu
    
    </div>
    <div
      class="calendar-week__item"
    >
      
      Fri
    
    </div>
    <div
      class="calendar-week__item"
    >
      
      Sat
    
    </div>
  </div>
   
  <div
    class="calendar-body"
  >
    <div
      class="calendar-body-row"
    >
      <div
        class="calendar-day-item"
      >
        <div
          class="ui-calendar-item is-otherMonth"
        >
          <div
            class="ui-calendar-item-date"
          >
            
            31
          
          </div>
           
        </div>
      </div>
      <div
        class="calendar-day-item"
      >
        <div
          class="ui-calendar-item"
        >
          <div
            class="ui-calendar-item-date"
          >
            
            1
          
          </div>
           
        </div>
      </div>
      <div
        class="calendar-day-item"
      >
        <div
          class="ui-calendar-item"
        >
          <div
            class="ui-calendar-item-date"
          >
            
            2
          
          </div>
           
        </div>
      </div>
      <div
        class="calendar-day-item"
      >
        <div
          class="ui-calendar-item"
        >
          <div
            class="ui-calendar-item-date"
          >
            
            3
          
          </div>
           
        </div>
      </div>
      <div
        class="calendar-day-item"
      >
        <div
          class="ui-calendar-item"
        >
          <div
            class="ui-calendar-item-date"
          >
            
            4
          
          </div>
           
        </div>
      </div>
      <div
        class="calendar-day-item"
      >
        <div
          class="ui-calendar-item"
        >
          <div
            class="ui-calendar-item-date"
          >
            
            5
          
          </div>
           
        </div>
      </div>
      <div
        class="calendar-day-item"
      >
        <div
          class="ui-calendar-item"
        >
          <div
            class="ui-calendar-item-date"
          >
            
            6
          
          </div>
           
        </div>
      </div>
    </div>
    <div
      class="calendar-body-row"
    >
      <div
        class="calendar-day-item"
      >
        <div
          class="ui-calendar-item"
        >
          <div
            class="ui-calendar-item-date"
          >
            
            7
          
          </div>
           
        </div>
      </div>
      <div
        class="calendar-day-item"
      >
        <div
          class="ui-calendar-item"
        >
          <div
            class="ui-calendar-item-date"
          >
            
            8
          
          </div>
           
        </div>
      </div>
      <div
        class="calendar-day-item"
      >
        <div
          class="ui-calendar-item"
        >
          <div
            class="ui-calendar-item-date"
          >
            
            9
          
          </div>
           
        </div>
      </div>
      <div
        class="calendar-day-item"
      >
        <div
          class="ui-calendar-item"
        >
          <div
            class="ui-calendar-item-date"
          >
            
            10
          
          </div>
           
        </div>
      </div>
      <div
        class="calendar-day-item"
      >
        <div
          class="ui-calendar-item"
        >
          <div
            class="ui-calendar-item-date"
          >
            
            11
          
          </div>
           
        </div>
      </div>
      <div
        class="calendar-day-item"
      >
        <div
          class="ui-calendar-item"
        >
          <div
            class="ui-calendar-item-date"
          >
            
            12
          
          </div>
           
        </div>
      </div>
      <div
        class="calendar-day-item"
      >
        <div
          class="ui-calendar-item"
        >
          <div
            class="ui-calendar-item-date"
          >
            
            13
          
          </div>
           
        </div>
      </div>
    </div>
    <div
      class="calendar-body-row"
    >
      <div
        class="calendar-day-item"
      >
        <div
          class="ui-calendar-item"
        >
          <div
            class="ui-calendar-item-date"
          >
            
            14
          
          </div>
           
        </div>
      </div>
      <div
        class="calendar-day-item"
      >
        <div
          class="ui-calendar-item is-today"
        >
          <div
            class="ui-calendar-item-date"
          >
            
            15
          
          </div>
           
          <div
            class="ui-calendar-item-name"
          >
            <span>
              shopping
            </span>
          </div>
        </div>
      </div>
      <div
        class="calendar-day-item"
      >
        <div
          class="ui-calendar-item"
        >
          <div
            class="ui-calendar-item-date"
          >
            
            16
          
          </div>
           
        </div>
      </div>
      <div
        class="calendar-day-item"
      >
        <div
          class="ui-calendar-item"
        >
          <div
            class="ui-calendar-item-date"
          >
            
            17
          
          </div>
           
        </div>
      </div>
      <div
        class="calendar-day-item"
      >
        <div
          class="ui-calendar-item"
        >
          <div
            class="ui-calendar-item-date"
          >
            
            18
          
          </div>
           
        </div>
      </div>
      <div
        class="calendar-day-item"
      >
        <div
          class="ui-calendar-item"
        >
          <div
            class="ui-calendar-item-date"
          >
            
            19
          
          </div>
           
        </div>
      </div>
      <div
        class="calendar-day-item"
      >
        <div
          class="ui-calendar-item"
        >
          <div
            class="ui-calendar-item-date"
          >
            
            20
          
          </div>
           
        </div>
      </div>
    </div>
    <div
      class="calendar-body-row"
    >
      <div
        class="calendar-day-item"
      >
        <div
          class="ui-calendar-item"
        >
          <div
            class="ui-calendar-item-date"
          >
            
            21
          
          </div>
           
        </div>
      </div>
      <div
        class="calendar-day-item"
      >
        <div
          class="ui-calendar-item"
        >
          <div
            class="ui-calendar-item-date"
          >
            
            22
          
          </div>
           
        </div>
      </div>
      <div
        class="calendar-day-item"
      >
        <div
          class="ui-calendar-item"
        >
          <div
            class="ui-calendar-item-date"
          >
            
            23
          
          </div>
           
        </div>
      </div>
      <div
        class="calendar-day-item"
      >
        <div
          class="ui-calendar-item"
        >
          <div
            class="ui-calendar-item-date"
          >
            
            24
          
          </div>
           
        </div>
      </div>
      <div
        class="calendar-day-item"
      >
        <div
          class="ui-calendar-item"
        >
          <div
            class="ui-calendar-item-date"
          >
            
            25
          
          </div>
           
        </div>
      </div>
      <div
        class="calendar-day-item"
      >
        <div
          class="ui-calendar-item"
        >
          <div
            class="ui-calendar-item-date"
          >
            
            26
          
          </div>
           
        </div>
      </div>
      <div
        class="calendar-day-item"
      >
        <div
          class="ui-calendar-item"
        >
          <div
            class="ui-calendar-item-date"
          >
            
            27
          
          </div>
           
        </div>
      </div>
    </div>
    <div
      class="calendar-body-row"
    >
      <div
        class="calendar-day-item"
      >
        <div
          class="ui-calendar-item"
        >
          <div
            class="ui-calendar-item-date"
          >
            
            28
          
          </div>
           
        </div>
      </div>
      <div
        class="calendar-day-item"
      >
        <div
          class="ui-calendar-item"
        >
          <div
            class="ui-calendar-item-date"
          >
            
            29
          
          </div>
           
        </div>
      </div>
      <div
        class="calendar-day-item"
      >
        <div
          class="ui-calendar-item"
        >
          <div
            class="ui-calendar-item-date"
          >
            
            30
          
          </div>
           
        </div>
      </div>
      <div
        class="calendar-day-item"
      >
        <div
          class="ui-calendar-item is-otherMonth"
        >
          <div
            class="ui-calendar-item-date"
          >
            
            1
          
          </div>
           
        </div>
      </div>
      <div
        class="calendar-day-item"
      >
        <div
          class="ui-calendar-item is-otherMonth"
        >
          <div
            class="ui-calendar-item-date"
          >
            
            2
          
          </div>
           
          <div
            class="ui-calendar-item-name"
          >
            <span>
              remember homework
            </span>
          </div>
        </div>
      </div>
      <div
        class="calendar-day-item"
      >
        <div
          class="ui-calendar-item is-otherMonth"
        >
          <div
            class="ui-calendar-item-date"
          >
            
            3
          
          </div>
           
        </div>
      </div>
      <div
        class="calendar-day-item"
      >
        <div
          class="ui-calendar-item is-otherMonth"
        >
          <div
            class="ui-calendar-item-date"
          >
            
            4
          
          </div>
           
        </div>
      </div>
    </div>
    <div
      class="calendar-body-row"
    >
      <div
        class="calendar-day-item"
      >
        <div
          class="ui-calendar-item is-otherMonth"
        >
          <div
            class="ui-calendar-item-date"
          >
            
            5
          
          </div>
           
        </div>
      </div>
      <div
        class="calendar-day-item"
      >
        <div
          class="ui-calendar-item is-otherMonth"
        >
          <div
            class="ui-calendar-item-date"
          >
            
            6
          
          </div>
           
        </div>
      </div>
      <div
        class="calendar-day-item"
      >
        <div
          class="ui-calendar-item is-otherMonth"
        >
          <div
            class="ui-calendar-item-date"
          >
            
            7
          
          </div>
           
        </div>
      </div>
      <div
        class="calendar-day-item"
      >
        <div
          class="ui-calendar-item is-otherMonth"
        >
          <div
            class="ui-calendar-item-date"
          >
            
            8
          
          </div>
           
        </div>
      </div>
      <div
        class="calendar-day-item"
      >
        <div
          class="ui-calendar-item is-otherMonth"
        >
          <div
            class="ui-calendar-item-date"
          >
            
            9
          
          </div>
           
        </div>
      </div>
      <div
        class="calendar-day-item"
      >
        <div
          class="ui-calendar-item is-otherMonth"
        >
          <div
            class="ui-calendar-item-date"
          >
            
            10
          
          </div>
           
        </div>
      </div>
      <div
        class="calendar-day-item"
      >
        <div
          class="ui-calendar-item is-otherMonth"
        >
          <div
            class="ui-calendar-item-date"
          >
            
            11
          
          </div>
           
        </div>
      </div>
    </div>
  </div>
</div>
`;

exports[`Storyshots Mode week 1`] = `
<div
  class="calendar is-week"
>
  <div
    class="calendar-header"
  >
    <div
      class="calendar-header-left"
    />
    <div
      class="calendar-header-center"
    >
      <a
        class="calendar-control calendar-prev"
      >
        &lt;
      </a>
      <span
        class="calendar-header-date"
      >
        2019-04-14 - 2019-04-20
      </span>
      <a
        class="calendar-control calendar-next"
      >
        &gt;
      </a>
    </div>
    <div
      class="calendar-header-right"
    />
  </div>
   
  <div
    class="calendar-week"
  >
    <div
      class="calendar-week__item"
    >
      
      Sun
    
    </div>
    <div
      class="calendar-week__item"
    >
      
      Mon
    
    </div>
    <div
      class="calendar-week__item"
    >
      
      Tue
    
    </div>
    <div
      class="calendar-week__item"
    >
      
      Wed
    
    </div>
    <div
      class="calendar-week__item"
    >
      
      Thu
    
    </div>
    <div
      class="calendar-week__item"
    >
      
      Fri
    
    </div>
    <div
      class="calendar-week__item"
    >
      
      Sat
    
    </div>
  </div>
   
  <div
    class="calendar-body"
  >
    <div
      class="calendar-body-row"
    >
      <div
        class="calendar-day-item"
      >
        <div
          class="ui-calendar-item"
        >
          <div
            class="ui-calendar-item-date"
          >
            
            14
          
          </div>
           
        </div>
      </div>
      <div
        class="calendar-day-item"
      >
        <div
          class="ui-calendar-item is-today"
        >
          <div
            class="ui-calendar-item-date"
          >
            
            15
          
          </div>
           
          <div
            class="ui-calendar-item-name"
          >
            <span>
              shopping
            </span>
          </div>
        </div>
      </div>
      <div
        class="calendar-day-item"
      >
        <div
          class="ui-calendar-item"
        >
          <div
            class="ui-calendar-item-date"
          >
            
            16
          
          </div>
           
        </div>
      </div>
      <div
        class="calendar-day-item"
      >
        <div
          class="ui-calendar-item"
        >
          <div
            class="ui-calendar-item-date"
          >
            
            17
          
          </div>
           
        </div>
      </div>
      <div
        class="calendar-day-item"
      >
        <div
          class="ui-calendar-item"
        >
          <div
            class="ui-calendar-item-date"
          >
            
            18
          
          </div>
           
        </div>
      </div>
      <div
        class="calendar-day-item"
      >
        <div
          class="ui-calendar-item"
        >
          <div
            class="ui-calendar-item-date"
          >
            
            19
          
          </div>
           
        </div>
      </div>
      <div
        class="calendar-day-item"
      >
        <div
          class="ui-calendar-item"
        >
          <div
            class="ui-calendar-item-date"
          >
            
            20
          
          </div>
           
        </div>
      </div>
    </div>
  </div>
</div>
`;
