// Jest Snapshot v1, https://goo.gl/fbAQLP

exports[`Calendar component component should match snapshot 1`] = `
<div
  class="vue-calendar is-month"
>
  <div
    class="vue-calendar-header"
  >
    <div
      class="vue-calendar-header-left"
    />
    <div
      class="vue-calendar-header-center"
    >
      <a
        class="vue-calendar-control vue-calendar-prev"
      >
        &lt;
      </a>
      <span
        class="vue-calendar-header-date"
      >
        2018-01
      </span>
      <a
        class="vue-calendar-control vue-calendar-next"
      >
        &gt;
      </a>
    </div>
    <div
      class="vue-calendar-header-right"
    />
  </div>
  <div
    class="vue-calendar-week-title"
  >
    <div
      class="vue-calendar-week-title-item"
    >
      Sun
    </div>
    <div
      class="vue-calendar-week-title-item"
    >
      Mon
    </div>
    <div
      class="vue-calendar-week-title-item"
    >
      Tue
    </div>
    <div
      class="vue-calendar-week-title-item"
    >
      Wed
    </div>
    <div
      class="vue-calendar-week-title-item"
    >
      Thu
    </div>
    <div
      class="vue-calendar-week-title-item"
    >
      Fri
    </div>
    <div
      class="vue-calendar-week-title-item"
    >
      Sat
    </div>
  </div>
  <div
    class="vue-calendar-body"
  >
    <div
      class="vue-calendar-body-row"
    >
      <div
        class="vue-calendar-day-item"
      />
      <div
        class="vue-calendar-day-item"
      />
      <div
        class="vue-calendar-day-item"
      />
      <div
        class="vue-calendar-day-item"
      />
      <div
        class="vue-calendar-day-item"
      />
      <div
        class="vue-calendar-day-item"
      />
      <div
        class="vue-calendar-day-item"
      />
    </div>
    <div
      class="vue-calendar-body-row"
    >
      <div
        class="vue-calendar-day-item"
      />
      <div
        class="vue-calendar-day-item"
      />
      <div
        class="vue-calendar-day-item"
      />
      <div
        class="vue-calendar-day-item"
      />
      <div
        class="vue-calendar-day-item"
      />
      <div
        class="vue-calendar-day-item"
      />
      <div
        class="vue-calendar-day-item"
      />
    </div>
    <div
      class="vue-calendar-body-row"
    >
      <div
        class="vue-calendar-day-item"
      />
      <div
        class="vue-calendar-day-item"
      />
      <div
        class="vue-calendar-day-item"
      />
      <div
        class="vue-calendar-day-item"
      />
      <div
        class="vue-calendar-day-item"
      />
      <div
        class="vue-calendar-day-item"
      />
      <div
        class="vue-calendar-day-item"
      />
    </div>
    <div
      class="vue-calendar-body-row"
    >
      <div
        class="vue-calendar-day-item"
      />
      <div
        class="vue-calendar-day-item"
      />
      <div
        class="vue-calendar-day-item"
      />
      <div
        class="vue-calendar-day-item"
      />
      <div
        class="vue-calendar-day-item"
      />
      <div
        class="vue-calendar-day-item"
      />
      <div
        class="vue-calendar-day-item"
      />
    </div>
    <div
      class="vue-calendar-body-row"
    >
      <div
        class="vue-calendar-day-item"
      />
      <div
        class="vue-calendar-day-item"
      />
      <div
        class="vue-calendar-day-item"
      />
      <div
        class="vue-calendar-day-item"
      />
      <div
        class="vue-calendar-day-item"
      />
      <div
        class="vue-calendar-day-item"
      />
      <div
        class="vue-calendar-day-item"
      />
    </div>
    <div
      class="vue-calendar-body-row"
    >
      <div
        class="vue-calendar-day-item"
      />
      <div
        class="vue-calendar-day-item"
      />
      <div
        class="vue-calendar-day-item"
      />
      <div
        class="vue-calendar-day-item"
      />
      <div
        class="vue-calendar-day-item"
      />
      <div
        class="vue-calendar-day-item"
      />
      <div
        class="vue-calendar-day-item"
      />
    </div>
  </div>
</div>
`;

exports[`Calendar component scoped-slot should render currectly 1`] = `
<div
  class="vue-calendar is-month"
>
  <div
    class="vue-calendar-header"
  >
    <div
      class="vue-calendar-header-left"
    />
    <div
      class="vue-calendar-header-center"
    >
      <a
        class="vue-calendar-control vue-calendar-prev"
      >
        &lt;
      </a>
      <span
        class="vue-calendar-header-date"
      >
        2018-01
      </span>
      <a
        class="vue-calendar-control vue-calendar-next"
      >
        &gt;
      </a>
    </div>
    <div
      class="vue-calendar-header-right"
    />
  </div>
  <div
    class="vue-calendar-week-title"
  >
    <div
      class="vue-calendar-week-title-item"
    >
      Sun
    </div>
    <div
      class="vue-calendar-week-title-item"
    >
      Mon
    </div>
    <div
      class="vue-calendar-week-title-item"
    >
      Tue
    </div>
    <div
      class="vue-calendar-week-title-item"
    >
      Wed
    </div>
    <div
      class="vue-calendar-week-title-item"
    >
      Thu
    </div>
    <div
      class="vue-calendar-week-title-item"
    >
      Fri
    </div>
    <div
      class="vue-calendar-week-title-item"
    >
      Sat
    </div>
  </div>
  <div
    class="vue-calendar-body"
  >
    <div
      class="vue-calendar-body-row"
    >
      <div
        class="vue-calendar-day-item"
      >
        <div>
          <span>
            31 {
  "isPrevMonth": true,
  "isPrevLastDay": false,
  "isNextMonth": false,
  "isNextFirstDay": false,
  "isToday": false,
  "isCurMonth": false,
  "data": [],
  "date": {
    "year": 2017,
    "month": 12,
    "date": 31,
    "day": 0,
    "full": "2017-12-31"
  }
}
          </span>
           
        </div>
      </div>
      <div
        class="vue-calendar-day-item"
      >
        <div>
          <span>
            1 {
  "isPrevMonth": false,
  "isPrevLastDay": false,
  "isNextMonth": false,
  "isNextFirstDay": false,
  "isToday": true,
  "isCurMonth": true,
  "data": [
    {
      "date": "2018-1-1",
      "title": "test scope-slot1"
    }
  ],
  "date": {
    "year": 2018,
    "month": 1,
    "date": 1,
    "day": 1,
    "full": "2018-01-01"
  }
}
          </span>
           
          <div>
            
              test scope-slot1
            
          </div>
        </div>
      </div>
      <div
        class="vue-calendar-day-item"
      >
        <div>
          <span>
            2 {
  "isPrevMonth": false,
  "isPrevLastDay": false,
  "isNextMonth": false,
  "isNextFirstDay": false,
  "isToday": false,
  "isCurMonth": true,
  "data": [],
  "date": {
    "year": 2018,
    "month": 1,
    "date": 2,
    "day": 2,
    "full": "2018-01-02"
  }
}
          </span>
           
        </div>
      </div>
      <div
        class="vue-calendar-day-item"
      >
        <div>
          <span>
            3 {
  "isPrevMonth": false,
  "isPrevLastDay": false,
  "isNextMonth": false,
  "isNextFirstDay": false,
  "isToday": false,
  "isCurMonth": true,
  "data": [],
  "date": {
    "year": 2018,
    "month": 1,
    "date": 3,
    "day": 3,
    "full": "2018-01-03"
  }
}
          </span>
           
        </div>
      </div>
      <div
        class="vue-calendar-day-item"
      >
        <div>
          <span>
            4 {
  "isPrevMonth": false,
  "isPrevLastDay": false,
  "isNextMonth": false,
  "isNextFirstDay": false,
  "isToday": false,
  "isCurMonth": true,
  "data": [],
  "date": {
    "year": 2018,
    "month": 1,
    "date": 4,
    "day": 4,
    "full": "2018-01-04"
  }
}
          </span>
           
        </div>
      </div>
      <div
        class="vue-calendar-day-item"
      >
        <div>
          <span>
            5 {
  "isPrevMonth": false,
  "isPrevLastDay": false,
  "isNextMonth": false,
  "isNextFirstDay": false,
  "isToday": false,
  "isCurMonth": true,
  "data": [
    {
      "date": "2018-1-5",
      "title": "test scope-slot2"
    }
  ],
  "date": {
    "year": 2018,
    "month": 1,
    "date": 5,
    "day": 5,
    "full": "2018-01-05"
  }
}
          </span>
           
          <div>
            
              test scope-slot2
            
          </div>
        </div>
      </div>
      <div
        class="vue-calendar-day-item"
      >
        <div>
          <span>
            6 {
  "isPrevMonth": false,
  "isPrevLastDay": false,
  "isNextMonth": false,
  "isNextFirstDay": false,
  "isToday": false,
  "isCurMonth": true,
  "data": [],
  "date": {
    "year": 2018,
    "month": 1,
    "date": 6,
    "day": 6,
    "full": "2018-01-06"
  }
}
          </span>
           
        </div>
      </div>
    </div>
    <div
      class="vue-calendar-body-row"
    >
      <div
        class="vue-calendar-day-item"
      >
        <div>
          <span>
            7 {
  "isPrevMonth": false,
  "isPrevLastDay": false,
  "isNextMonth": false,
  "isNextFirstDay": false,
  "isToday": false,
  "isCurMonth": true,
  "data": [],
  "date": {
    "year": 2018,
    "month": 1,
    "date": 7,
    "day": 0,
    "full": "2018-01-07"
  }
}
          </span>
           
        </div>
      </div>
      <div
        class="vue-calendar-day-item"
      >
        <div>
          <span>
            8 {
  "isPrevMonth": false,
  "isPrevLastDay": false,
  "isNextMonth": false,
  "isNextFirstDay": false,
  "isToday": false,
  "isCurMonth": true,
  "data": [],
  "date": {
    "year": 2018,
    "month": 1,
    "date": 8,
    "day": 1,
    "full": "2018-01-08"
  }
}
          </span>
           
        </div>
      </div>
      <div
        class="vue-calendar-day-item"
      >
        <div>
          <span>
            9 {
  "isPrevMonth": false,
  "isPrevLastDay": false,
  "isNextMonth": false,
  "isNextFirstDay": false,
  "isToday": false,
  "isCurMonth": true,
  "data": [],
  "date": {
    "year": 2018,
    "month": 1,
    "date": 9,
    "day": 2,
    "full": "2018-01-09"
  }
}
          </span>
           
        </div>
      </div>
      <div
        class="vue-calendar-day-item"
      >
        <div>
          <span>
            10 {
  "isPrevMonth": false,
  "isPrevLastDay": false,
  "isNextMonth": false,
  "isNextFirstDay": false,
  "isToday": false,
  "isCurMonth": true,
  "data": [],
  "date": {
    "year": 2018,
    "month": 1,
    "date": 10,
    "day": 3,
    "full": "2018-01-10"
  }
}
          </span>
           
        </div>
      </div>
      <div
        class="vue-calendar-day-item"
      >
        <div>
          <span>
            11 {
  "isPrevMonth": false,
  "isPrevLastDay": false,
  "isNextMonth": false,
  "isNextFirstDay": false,
  "isToday": false,
  "isCurMonth": true,
  "data": [],
  "date": {
    "year": 2018,
    "month": 1,
    "date": 11,
    "day": 4,
    "full": "2018-01-11"
  }
}
          </span>
           
        </div>
      </div>
      <div
        class="vue-calendar-day-item"
      >
        <div>
          <span>
            12 {
  "isPrevMonth": false,
  "isPrevLastDay": false,
  "isNextMonth": false,
  "isNextFirstDay": false,
  "isToday": false,
  "isCurMonth": true,
  "data": [],
  "date": {
    "year": 2018,
    "month": 1,
    "date": 12,
    "day": 5,
    "full": "2018-01-12"
  }
}
          </span>
           
        </div>
      </div>
      <div
        class="vue-calendar-day-item"
      >
        <div>
          <span>
            13 {
  "isPrevMonth": false,
  "isPrevLastDay": false,
  "isNextMonth": false,
  "isNextFirstDay": false,
  "isToday": false,
  "isCurMonth": true,
  "data": [],
  "date": {
    "year": 2018,
    "month": 1,
    "date": 13,
    "day": 6,
    "full": "2018-01-13"
  }
}
          </span>
           
        </div>
      </div>
    </div>
    <div
      class="vue-calendar-body-row"
    >
      <div
        class="vue-calendar-day-item"
      >
        <div>
          <span>
            14 {
  "isPrevMonth": false,
  "isPrevLastDay": false,
  "isNextMonth": false,
  "isNextFirstDay": false,
  "isToday": false,
  "isCurMonth": true,
  "data": [],
  "date": {
    "year": 2018,
    "month": 1,
    "date": 14,
    "day": 0,
    "full": "2018-01-14"
  }
}
          </span>
           
        </div>
      </div>
      <div
        class="vue-calendar-day-item"
      >
        <div>
          <span>
            15 {
  "isPrevMonth": false,
  "isPrevLastDay": false,
  "isNextMonth": false,
  "isNextFirstDay": false,
  "isToday": false,
  "isCurMonth": true,
  "data": [],
  "date": {
    "year": 2018,
    "month": 1,
    "date": 15,
    "day": 1,
    "full": "2018-01-15"
  }
}
          </span>
           
        </div>
      </div>
      <div
        class="vue-calendar-day-item"
      >
        <div>
          <span>
            16 {
  "isPrevMonth": false,
  "isPrevLastDay": false,
  "isNextMonth": false,
  "isNextFirstDay": false,
  "isToday": false,
  "isCurMonth": true,
  "data": [],
  "date": {
    "year": 2018,
    "month": 1,
    "date": 16,
    "day": 2,
    "full": "2018-01-16"
  }
}
          </span>
           
        </div>
      </div>
      <div
        class="vue-calendar-day-item"
      >
        <div>
          <span>
            17 {
  "isPrevMonth": false,
  "isPrevLastDay": false,
  "isNextMonth": false,
  "isNextFirstDay": false,
  "isToday": false,
  "isCurMonth": true,
  "data": [],
  "date": {
    "year": 2018,
    "month": 1,
    "date": 17,
    "day": 3,
    "full": "2018-01-17"
  }
}
          </span>
           
        </div>
      </div>
      <div
        class="vue-calendar-day-item"
      >
        <div>
          <span>
            18 {
  "isPrevMonth": false,
  "isPrevLastDay": false,
  "isNextMonth": false,
  "isNextFirstDay": false,
  "isToday": false,
  "isCurMonth": true,
  "data": [],
  "date": {
    "year": 2018,
    "month": 1,
    "date": 18,
    "day": 4,
    "full": "2018-01-18"
  }
}
          </span>
           
        </div>
      </div>
      <div
        class="vue-calendar-day-item"
      >
        <div>
          <span>
            19 {
  "isPrevMonth": false,
  "isPrevLastDay": false,
  "isNextMonth": false,
  "isNextFirstDay": false,
  "isToday": false,
  "isCurMonth": true,
  "data": [],
  "date": {
    "year": 2018,
    "month": 1,
    "date": 19,
    "day": 5,
    "full": "2018-01-19"
  }
}
          </span>
           
        </div>
      </div>
      <div
        class="vue-calendar-day-item"
      >
        <div>
          <span>
            20 {
  "isPrevMonth": false,
  "isPrevLastDay": false,
  "isNextMonth": false,
  "isNextFirstDay": false,
  "isToday": false,
  "isCurMonth": true,
  "data": [],
  "date": {
    "year": 2018,
    "month": 1,
    "date": 20,
    "day": 6,
    "full": "2018-01-20"
  }
}
          </span>
           
        </div>
      </div>
    </div>
    <div
      class="vue-calendar-body-row"
    >
      <div
        class="vue-calendar-day-item"
      >
        <div>
          <span>
            21 {
  "isPrevMonth": false,
  "isPrevLastDay": false,
  "isNextMonth": false,
  "isNextFirstDay": false,
  "isToday": false,
  "isCurMonth": true,
  "data": [],
  "date": {
    "year": 2018,
    "month": 1,
    "date": 21,
    "day": 0,
    "full": "2018-01-21"
  }
}
          </span>
           
        </div>
      </div>
      <div
        class="vue-calendar-day-item"
      >
        <div>
          <span>
            22 {
  "isPrevMonth": false,
  "isPrevLastDay": false,
  "isNextMonth": false,
  "isNextFirstDay": false,
  "isToday": false,
  "isCurMonth": true,
  "data": [],
  "date": {
    "year": 2018,
    "month": 1,
    "date": 22,
    "day": 1,
    "full": "2018-01-22"
  }
}
          </span>
           
        </div>
      </div>
      <div
        class="vue-calendar-day-item"
      >
        <div>
          <span>
            23 {
  "isPrevMonth": false,
  "isPrevLastDay": false,
  "isNextMonth": false,
  "isNextFirstDay": false,
  "isToday": false,
  "isCurMonth": true,
  "data": [],
  "date": {
    "year": 2018,
    "month": 1,
    "date": 23,
    "day": 2,
    "full": "2018-01-23"
  }
}
          </span>
           
        </div>
      </div>
      <div
        class="vue-calendar-day-item"
      >
        <div>
          <span>
            24 {
  "isPrevMonth": false,
  "isPrevLastDay": false,
  "isNextMonth": false,
  "isNextFirstDay": false,
  "isToday": false,
  "isCurMonth": true,
  "data": [],
  "date": {
    "year": 2018,
    "month": 1,
    "date": 24,
    "day": 3,
    "full": "2018-01-24"
  }
}
          </span>
           
        </div>
      </div>
      <div
        class="vue-calendar-day-item"
      >
        <div>
          <span>
            25 {
  "isPrevMonth": false,
  "isPrevLastDay": false,
  "isNextMonth": false,
  "isNextFirstDay": false,
  "isToday": false,
  "isCurMonth": true,
  "data": [],
  "date": {
    "year": 2018,
    "month": 1,
    "date": 25,
    "day": 4,
    "full": "2018-01-25"
  }
}
          </span>
           
        </div>
      </div>
      <div
        class="vue-calendar-day-item"
      >
        <div>
          <span>
            26 {
  "isPrevMonth": false,
  "isPrevLastDay": false,
  "isNextMonth": false,
  "isNextFirstDay": false,
  "isToday": false,
  "isCurMonth": true,
  "data": [],
  "date": {
    "year": 2018,
    "month": 1,
    "date": 26,
    "day": 5,
    "full": "2018-01-26"
  }
}
          </span>
           
        </div>
      </div>
      <div
        class="vue-calendar-day-item"
      >
        <div>
          <span>
            27 {
  "isPrevMonth": false,
  "isPrevLastDay": false,
  "isNextMonth": false,
  "isNextFirstDay": false,
  "isToday": false,
  "isCurMonth": true,
  "data": [],
  "date": {
    "year": 2018,
    "month": 1,
    "date": 27,
    "day": 6,
    "full": "2018-01-27"
  }
}
          </span>
           
        </div>
      </div>
    </div>
    <div
      class="vue-calendar-body-row"
    >
      <div
        class="vue-calendar-day-item"
      >
        <div>
          <span>
            28 {
  "isPrevMonth": false,
  "isPrevLastDay": false,
  "isNextMonth": false,
  "isNextFirstDay": false,
  "isToday": false,
  "isCurMonth": true,
  "data": [],
  "date": {
    "year": 2018,
    "month": 1,
    "date": 28,
    "day": 0,
    "full": "2018-01-28"
  }
}
          </span>
           
        </div>
      </div>
      <div
        class="vue-calendar-day-item"
      >
        <div>
          <span>
            29 {
  "isPrevMonth": false,
  "isPrevLastDay": false,
  "isNextMonth": false,
  "isNextFirstDay": false,
  "isToday": false,
  "isCurMonth": true,
  "data": [],
  "date": {
    "year": 2018,
    "month": 1,
    "date": 29,
    "day": 1,
    "full": "2018-01-29"
  }
}
          </span>
           
        </div>
      </div>
      <div
        class="vue-calendar-day-item"
      >
        <div>
          <span>
            30 {
  "isPrevMonth": false,
  "isPrevLastDay": false,
  "isNextMonth": false,
  "isNextFirstDay": false,
  "isToday": false,
  "isCurMonth": true,
  "data": [],
  "date": {
    "year": 2018,
    "month": 1,
    "date": 30,
    "day": 2,
    "full": "2018-01-30"
  }
}
          </span>
           
        </div>
      </div>
      <div
        class="vue-calendar-day-item"
      >
        <div>
          <span>
            31 {
  "isPrevMonth": false,
  "isPrevLastDay": false,
  "isNextMonth": false,
  "isNextFirstDay": false,
  "isToday": false,
  "isCurMonth": true,
  "data": [],
  "date": {
    "year": 2018,
    "month": 1,
    "date": 31,
    "day": 3,
    "full": "2018-01-31"
  }
}
          </span>
           
        </div>
      </div>
      <div
        class="vue-calendar-day-item"
      >
        <div>
          <span>
            1 {
  "isPrevMonth": false,
  "isPrevLastDay": false,
  "isNextMonth": true,
  "isNextFirstDay": true,
  "isToday": false,
  "isCurMonth": false,
  "data": [],
  "date": {
    "year": 2018,
    "month": 2,
    "date": 1,
    "day": 4,
    "full": "2018-02-01"
  }
}
          </span>
           
        </div>
      </div>
      <div
        class="vue-calendar-day-item"
      >
        <div>
          <span>
            2 {
  "isPrevMonth": false,
  "isPrevLastDay": false,
  "isNextMonth": true,
  "isNextFirstDay": true,
  "isToday": false,
  "isCurMonth": false,
  "data": [],
  "date": {
    "year": 2018,
    "month": 2,
    "date": 2,
    "day": 5,
    "full": "2018-02-02"
  }
}
          </span>
           
        </div>
      </div>
      <div
        class="vue-calendar-day-item"
      >
        <div>
          <span>
            3 {
  "isPrevMonth": false,
  "isPrevLastDay": false,
  "isNextMonth": true,
  "isNextFirstDay": true,
  "isToday": false,
  "isCurMonth": false,
  "data": [],
  "date": {
    "year": 2018,
    "month": 2,
    "date": 3,
    "day": 6,
    "full": "2018-02-03"
  }
}
          </span>
           
        </div>
      </div>
    </div>
    <div
      class="vue-calendar-body-row"
    >
      <div
        class="vue-calendar-day-item"
      >
        <div>
          <span>
            4 {
  "isPrevMonth": false,
  "isPrevLastDay": false,
  "isNextMonth": true,
  "isNextFirstDay": true,
  "isToday": false,
  "isCurMonth": false,
  "data": [],
  "date": {
    "year": 2018,
    "month": 2,
    "date": 4,
    "day": 0,
    "full": "2018-02-04"
  }
}
          </span>
           
        </div>
      </div>
      <div
        class="vue-calendar-day-item"
      >
        <div>
          <span>
            5 {
  "isPrevMonth": false,
  "isPrevLastDay": false,
  "isNextMonth": true,
  "isNextFirstDay": true,
  "isToday": false,
  "isCurMonth": false,
  "data": [],
  "date": {
    "year": 2018,
    "month": 2,
    "date": 5,
    "day": 1,
    "full": "2018-02-05"
  }
}
          </span>
           
        </div>
      </div>
      <div
        class="vue-calendar-day-item"
      >
        <div>
          <span>
            6 {
  "isPrevMonth": false,
  "isPrevLastDay": false,
  "isNextMonth": true,
  "isNextFirstDay": true,
  "isToday": false,
  "isCurMonth": false,
  "data": [],
  "date": {
    "year": 2018,
    "month": 2,
    "date": 6,
    "day": 2,
    "full": "2018-02-06"
  }
}
          </span>
           
        </div>
      </div>
      <div
        class="vue-calendar-day-item"
      >
        <div>
          <span>
            7 {
  "isPrevMonth": false,
  "isPrevLastDay": false,
  "isNextMonth": true,
  "isNextFirstDay": true,
  "isToday": false,
  "isCurMonth": false,
  "data": [],
  "date": {
    "year": 2018,
    "month": 2,
    "date": 7,
    "day": 3,
    "full": "2018-02-07"
  }
}
          </span>
           
        </div>
      </div>
      <div
        class="vue-calendar-day-item"
      >
        <div>
          <span>
            8 {
  "isPrevMonth": false,
  "isPrevLastDay": false,
  "isNextMonth": true,
  "isNextFirstDay": true,
  "isToday": false,
  "isCurMonth": false,
  "data": [],
  "date": {
    "year": 2018,
    "month": 2,
    "date": 8,
    "day": 4,
    "full": "2018-02-08"
  }
}
          </span>
           
        </div>
      </div>
      <div
        class="vue-calendar-day-item"
      >
        <div>
          <span>
            9 {
  "isPrevMonth": false,
  "isPrevLastDay": false,
  "isNextMonth": true,
  "isNextFirstDay": true,
  "isToday": false,
  "isCurMonth": false,
  "data": [],
  "date": {
    "year": 2018,
    "month": 2,
    "date": 9,
    "day": 5,
    "full": "2018-02-09"
  }
}
          </span>
           
        </div>
      </div>
      <div
        class="vue-calendar-day-item"
      >
        <div>
          <span>
            10 {
  "isPrevMonth": false,
  "isPrevLastDay": false,
  "isNextMonth": true,
  "isNextFirstDay": true,
  "isToday": false,
  "isCurMonth": false,
  "data": [],
  "date": {
    "year": 2018,
    "month": 2,
    "date": 10,
    "day": 6,
    "full": "2018-02-10"
  }
}
          </span>
           
        </div>
      </div>
    </div>
  </div>
</div>
`;
